{"level":"INFO","time":"2022-12-29T22:16:16.499+0800","caller":"logger/logger.go:54","msg":"logger init success"}
{"level":"INFO","time":"2022-12-29T22:16:16.544+0800","caller":"mysql/mysql.go:47","msg":"db conn success"}
{"level":"INFO","time":"2022-12-29T22:16:26.800+0800","caller":"logger/logger.go:54","msg":"logger init success"}
{"level":"INFO","time":"2022-12-29T22:16:26.838+0800","caller":"mysql/mysql.go:47","msg":"db conn success"}
{"level":"WARN","time":"2022-12-29T22:16:27.092+0800","caller":"tree/product.go:22","msg":"[service.ListProductRecords], result: [0xc0000ac360], count:1, request: &{拼多多   0  0    0 0}"}
{"level":"INFO","time":"2022-12-29T22:16:52.789+0800","caller":"logger/logger.go:54","msg":"logger init success"}
{"level":"INFO","time":"2022-12-29T22:16:52.825+0800","caller":"mysql/mysql.go:47","msg":"db conn success"}
{"level":"WARN","time":"2022-12-29T22:16:52.867+0800","caller":"tree/product.go:22","msg":"[service.ListProductRecords], result: [0xc0000aa360], count:1, request: &{美团   0  0    0 0}"}
{"level":"INFO","time":"2022-12-29T22:17:24.448+0800","caller":"logger/logger.go:54","msg":"logger init success"}
{"level":"INFO","time":"2022-12-29T22:17:26.899+0800","caller":"mysql/mysql.go:47","msg":"db conn success"}
{"level":"WARN","time":"2022-12-29T22:17:26.954+0800","caller":"tree/product.go:22","msg":"[service.ListProductRecords], result: [0xc000318120 0xc000318240 0xc000318360 0xc000318480 0xc0003185a0 0xc0003186c0 0xc0003187e0], count:7, request: &{   0  0    0 0}"}
{"level":"INFO","time":"2022-12-30T22:43:12.655+0800","caller":"logger/logger.go:54","msg":"logger init success"}
{"level":"INFO","time":"2022-12-30T22:43:12.706+0800","caller":"mysql/mysql.go:47","msg":"db conn success"}
{"level":"WARN","time":"2022-12-30T22:43:12.744+0800","caller":"tree/product.go:81","msg":"[service.CreateProductRecord],  product: &{20 社交网络事业群 SNG team 0 TonyMa 2022-12-30 22:43:12.7073741 +0800 CST m=+0.084679801 2022-12-30 22:43:12.7073741 +0800 CST m=+0.084679801 2}"}
{"level":"INFO","time":"2022-12-30T22:45:22.860+0800","caller":"logger/logger.go:54","msg":"logger init success"}
{"level":"INFO","time":"2022-12-30T22:45:22.918+0800","caller":"mysql/mysql.go:47","msg":"db conn success"}
{"level":"WARN","time":"2022-12-30T22:45:22.967+0800","caller":"tree/product.go:81","msg":"[service.CreateProductRecord],  product: &{21 社交网络事业群 SNG team 0 TonyMa 2022-12-30 22:45:22.9261712 +0800 CST m=+0.093716101 2022-12-30 22:45:22.9261712 +0800 CST m=+0.093716101 2}"}
{"level":"INFO","time":"2022-12-30T22:58:13.187+0800","caller":"logger/logger.go:54","msg":"logger init success"}
{"level":"INFO","time":"2022-12-30T22:58:13.231+0800","caller":"mysql/mysql.go:47","msg":"db conn success"}
{"level":"INFO","time":"2022-12-30T22:59:06.446+0800","caller":"logger/logger.go:54","msg":"logger init success"}
{"level":"INFO","time":"2022-12-30T22:59:06.484+0800","caller":"mysql/mysql.go:47","msg":"db conn success"}
{"level":"INFO","time":"2022-12-30T22:59:43.891+0800","caller":"logger/logger.go:54","msg":"logger init success"}
{"level":"INFO","time":"2022-12-30T22:59:43.929+0800","caller":"mysql/mysql.go:47","msg":"db conn success"}
{"level":"INFO","time":"2022-12-30T23:00:03.593+0800","caller":"logger/logger.go:54","msg":"logger init success"}
{"level":"INFO","time":"2022-12-30T23:00:03.641+0800","caller":"mysql/mysql.go:47","msg":"db conn success"}
{"level":"WARN","time":"2022-12-30T23:00:03.706+0800","caller":"tree/product.go:81","msg":"[service.CreateProductRecord],  product: &{22 技术工程事业群 TEG team 0 TonyMa 2022-12-30 23:00:03.6515756 +0800 CST m=+0.084615801 2022-12-30 23:00:03.6515756 +0800 CST m=+0.084615801 2}"}
{"level":"WARN","time":"2022-12-30T23:00:03.753+0800","caller":"tree/product.go:81","msg":"[service.CreateProductRecord],  product: &{23 互动娱乐事业群 IEG team 0 TonyMa 2022-12-30 23:00:03.7141863 +0800 CST m=+0.147226501 2022-12-30 23:00:03.7141863 +0800 CST m=+0.147226501 2}"}
{"level":"WARN","time":"2022-12-30T23:00:03.793+0800","caller":"tree/product.go:81","msg":"[service.CreateProductRecord],  product: &{24 移动互联网事业群 MIG team 0 TonyMa 2022-12-30 23:00:03.7547847 +0800 CST m=+0.187824901 2022-12-30 23:00:03.7547847 +0800 CST m=+0.187824901 2}"}
{"level":"WARN","time":"2022-12-30T23:00:03.835+0800","caller":"tree/product.go:81","msg":"[service.CreateProductRecord],  product: &{25 网络媒体事业群 OMG team 0 TonyMa 2022-12-30 23:00:03.7947478 +0800 CST m=+0.227788001 2022-12-30 23:00:03.7947478 +0800 CST m=+0.227788001 2}"}
{"level":"INFO","time":"2022-12-30T23:23:01.779+0800","caller":"logger/logger.go:54","msg":"logger init success"}
{"level":"INFO","time":"2022-12-30T23:23:01.813+0800","caller":"mysql/mysql.go:47","msg":"db conn success"}
{"level":"WARN","time":"2022-12-30T23:23:01.849+0800","caller":"tree/product.go:81","msg":"[service.CreateProductRecord],  product: &{26   team 0 mayun002 2022-12-30 23:23:01.8147452 +0800 CST m=+0.067498801 2022-12-30 23:23:01.8147452 +0800 CST m=+0.067498801 1}"}
{"level":"WARN","time":"2022-12-30T23:23:01.882+0800","caller":"tree/product.go:81","msg":"[service.CreateProductRecord],  product: &{27   team 0 mayun002 2022-12-30 23:23:01.8499213 +0800 CST m=+0.102674901 2022-12-30 23:23:01.8499213 +0800 CST m=+0.102674901 1}"}
{"level":"WARN","time":"2022-12-30T23:23:01.920+0800","caller":"tree/product.go:81","msg":"[service.CreateProductRecord],  product: &{28   team 0 mayun002 2022-12-30 23:23:01.8834559 +0800 CST m=+0.136209501 2022-12-30 23:23:01.8834559 +0800 CST m=+0.136209501 1}"}
{"level":"WARN","time":"2022-12-30T23:23:01.951+0800","caller":"tree/product.go:81","msg":"[service.CreateProductRecord],  product: &{29   team 0 mayun002 2022-12-30 23:23:01.9209685 +0800 CST m=+0.173722101 2022-12-30 23:23:01.9209685 +0800 CST m=+0.173722101 1}"}
{"level":"WARN","time":"2022-12-30T23:23:02.000+0800","caller":"tree/product.go:81","msg":"[service.CreateProductRecord],  product: &{30   team 0 mayun002 2022-12-30 23:23:01.9516106 +0800 CST m=+0.204364201 2022-12-30 23:23:01.9516106 +0800 CST m=+0.204364201 1}"}
{"level":"WARN","time":"2022-12-30T23:23:02.036+0800","caller":"tree/product.go:81","msg":"[service.CreateProductRecord],  product: &{31   team 0 mayun002 2022-12-30 23:23:02.0011276 +0800 CST m=+0.253881201 2022-12-30 23:23:02.0011276 +0800 CST m=+0.253881201 1}"}
{"level":"WARN","time":"2022-12-30T23:23:02.066+0800","caller":"tree/product.go:81","msg":"[service.CreateProductRecord],  product: &{32   team 0 mayun002 2022-12-30 23:23:02.0366328 +0800 CST m=+0.289386401 2022-12-30 23:23:02.0366328 +0800 CST m=+0.289386401 1}"}
{"level":"INFO","time":"2023-01-03T08:07:05.771+0800","caller":"logger/logger.go:54","msg":"logger init success"}
{"level":"INFO","time":"2023-01-03T08:07:05.831+0800","caller":"mysql/mysql.go:47","msg":"db conn success"}
{"level":"WARN","time":"2023-01-03T08:07:05.884+0800","caller":"tree/product.go:81","msg":"[service.CreateProductRecord],  product: &{33 基础技术部 BU-BASETECH team 0 alex 2023-01-03 08:07:05.8324184 +0800 CST m=+0.087946101 2023-01-03 08:07:05.8324184 +0800 CST m=+0.087946101 9}"}
{"level":"INFO","time":"2023-01-03T08:10:31.329+0800","caller":"logger/logger.go:54","msg":"logger init success"}
{"level":"INFO","time":"2023-01-03T08:10:31.389+0800","caller":"mysql/mysql.go:47","msg":"db conn success"}
{"level":"WARN","time":"2023-01-03T08:10:31.425+0800","caller":"tree/product.go:81","msg":"[service.CreateProductRecord],  product: &{34 技术保障部 BU-SUPPORT team 0 alex 2023-01-03 08:10:31.3894908 +0800 CST m=+0.089113901 2023-01-03 08:10:31.3894908 +0800 CST m=+0.089113901 33}"}
{"level":"WARN","time":"2023-01-03T08:10:31.456+0800","caller":"tree/product.go:81","msg":"[service.CreateProductRecord],  product: &{35 中间件 BU-MIDDLE team 0 alex 2023-01-03 08:10:31.4259092 +0800 CST m=+0.125532301 2023-01-03 08:10:31.4259092 +0800 CST m=+0.125532301 33}"}
{"level":"WARN","time":"2023-01-03T08:10:31.500+0800","caller":"tree/product.go:81","msg":"[service.CreateProductRecord],  product: &{36 存储平台 BU-STORAGE team 0 alex 2023-01-03 08:10:31.4564747 +0800 CST m=+0.156097801 2023-01-03 08:10:31.4564747 +0800 CST m=+0.156097801 33}"}
{"level":"WARN","time":"2023-01-03T08:10:31.537+0800","caller":"tree/product.go:81","msg":"[service.CreateProductRecord],  product: &{37 基础平台研发 BU-PLATFORM team 0 alex 2023-01-03 08:10:31.5004247 +0800 CST m=+0.200047801 2023-01-03 08:10:31.5004247 +0800 CST m=+0.200047801 33}"}
{"level":"INFO","time":"2023-01-03T08:13:18.705+0800","caller":"logger/logger.go:54","msg":"logger init success"}
{"level":"INFO","time":"2023-01-03T08:13:18.751+0800","caller":"mysql/mysql.go:47","msg":"db conn success"}
{"level":"WARN","time":"2023-01-03T08:13:18.792+0800","caller":"tree/product.go:81","msg":"[service.CreateProductRecord],  product: &{38 效率平台 OPEFFIC team 0 alex 2023-01-03 08:13:18.7515792 +0800 CST m=+0.082749501 2023-01-03 08:13:18.7515792 +0800 CST m=+0.082749501 37}"}
{"level":"WARN","time":"2023-01-03T08:13:18.829+0800","caller":"tree/product.go:81","msg":"[service.CreateProductRecord],  product: &{39 容器&监控 CLOUD team 0 alex 2023-01-03 08:13:18.7928614 +0800 CST m=+0.124031701 2023-01-03 08:13:18.7928614 +0800 CST m=+0.124031701 37}"}
{"level":"INFO","time":"2023-01-03T08:16:37.567+0800","caller":"logger/logger.go:54","msg":"logger init success"}
{"level":"INFO","time":"2023-01-03T08:16:37.612+0800","caller":"mysql/mysql.go:47","msg":"db conn success"}
{"level":"WARN","time":"2023-01-03T08:16:37.652+0800","caller":"tree/product.go:81","msg":"[service.CreateProductRecord],  product: &{40 CMDB系统 SysCMDB team 0 alex 2023-01-03 08:16:37.6134658 +0800 CST m=+0.073256801 2023-01-03 08:16:37.6134658 +0800 CST m=+0.073256801 38}"}
{"level":"WARN","time":"2023-01-03T08:16:37.693+0800","caller":"tree/product.go:81","msg":"[service.CreateProductRecord],  product: &{41 发布系统 SysCICD team 0 alex 2023-01-03 08:16:37.6520082 +0800 CST m=+0.111799201 2023-01-03 08:16:37.6520082 +0800 CST m=+0.111799201 38}"}
{"level":"WARN","time":"2023-01-03T08:16:37.728+0800","caller":"tree/product.go:81","msg":"[service.CreateProductRecord],  product: &{42 工单系统 SysTicket team 0 alex 2023-01-03 08:16:37.6940411 +0800 CST m=+0.153832101 2023-01-03 08:16:37.6940411 +0800 CST m=+0.153832101 38}"}
{"level":"WARN","time":"2023-01-03T08:16:37.770+0800","caller":"tree/product.go:81","msg":"[service.CreateProductRecord],  product: &{43 自动化运维系统 SysAutoOps team 0 alex 2023-01-03 08:16:37.7284718 +0800 CST m=+0.188262801 2023-01-03 08:16:37.7284718 +0800 CST m=+0.188262801 38}"}
